---
source: cli-compose-macro/src/attr_meta.rs
assertion_line: 45
expression: "vec![foo, bar, baz]"
---
[
    [
        "num = 42",
    ],
    [
        "str = \"hello\"",
    ],
    [
        "path",
    ],
]
