---
source: macro/src/deriver/opt.rs
assertion_line: 82
expression: "test_opt_deriver(quote! {})"
---
Err(
    Error(
        "unexpected end of input, expected one of: `struct`, `enum`, `union`",
    ),
)
