---
source: macro/src/deriver/pos_arg.rs
assertion_line: 104
expression: "test_derive_pos_arg(quote! { struct Foo ; })"
---
Err(
    Error(
        "missing field",
    ),
)
