---
source: macro/src/deriver/cli.rs
assertion_line: 27
expression: derive_cli(input)
---
Err(
    Error(
        "unexpected end of input, expected one of: `struct`, `enum`, `union`",
    ),
)
